src/components/host/MusicEditor.tsx(38,11): error TS6133: 't' is declared but its value is never read.
src/components/host/MusicEditor.tsx(63,28): error TS2322: Type '{ children: (string | Element)[]; className: string; }' is not assignable to type 'IntrinsicAttributes & { children: ReactNode; }'.
  Property 'className' does not exist on type 'IntrinsicAttributes & { children: ReactNode; }'.
src/components/host/MusicEditor.tsx(92,25): error TS2322: Type '{ ref: RefObject<HTMLTextAreaElement>; value: string; onChange: (e: ChangeEvent<HTMLTextAreaElement>) => void; placeholder: string; className: string; spellCheck: boolean; }' is not assignable to type 'IntrinsicAttributes & { value: string; onChange: (e: ChangeEvent<HTMLTextAreaElement>) => void; placeholder: string; } & RefAttributes<...>'.
  Property 'className' does not exist on type 'IntrinsicAttributes & { value: string; onChange: (e: ChangeEvent<HTMLTextAreaElement>) => void; placeholder: string; } & RefAttributes<...>'.
src/components/host/MusicEditorToolbar.tsx(2,20): error TS2307: Cannot find module '../components/ui/Styled' or its corresponding type declarations.
src/components/host/MusicEditorToolbar.tsx(3,21): error TS6133: 'InfoIcon' is declared but its value is never read.
src/components/host/MusicEditorToolbar.tsx(3,94): error TS2307: Cannot find module '../components/ui/Icons' or its corresponding type declarations.
src/components/host/MusicEditorToolbar.tsx(4,32): error TS2307: Cannot find module '../hooks/useTranslation' or its corresponding type declarations.
src/components/host/MusicEditorToolbar.tsx(5,31): error TS2307: Cannot find module '../components/ui/TutorialModal' or its corresponding type declarations.
src/components/host/MusicEditorToolbar.tsx(6,34): error TS2307: Cannot find module '../components/ui/FindReplaceModal' or its corresponding type declarations.
src/components/host/MusicEditorToolbar.tsx(7,35): error TS2307: Cannot find module '../components/ui/HotkeyConfigModal' or its corresponding type declarations.
src/components/host/MusicEditorToolbar.tsx(8,31): error TS2307: Cannot find module '../components/host/ScriptManager' or its corresponding type declarations.
src/components/host/MusicEditorToolbar.tsx(9,24): error TS2307: Cannot find module '../hooks/useScriptStorage' or its corresponding type declarations.
src/components/host/MusicEditorToolbar.tsx(38,11): error TS6133: 't' is declared but its value is never read.
src/components/host/MusicEditorToolbar.tsx(110,37): error TS7006: Parameter 'id' implicitly has an 'any' type.
src/components/host/MusicEditorToolbar.tsx(110,41): error TS7006: Parameter 'title' implicitly has an 'any' type.
src/components/host/PrompterHUD.tsx(10,22): error TS6133: 'InfoIcon' is declared but its value is never read.
src/components/landing/MusicFeatures.tsx(7,16): error TS6133: 'lang' is declared but its value is never read.
src/components/landing/MusicFeatures.tsx(10,12): error TS2339: Property 'FeaturesSection' does not exist on type 'typeof import("C:/Users/Ken/Desktop/Projeto/PromptNinja/src/components/ui/Styled")'.
src/components/landing/MusicFeatures.tsx(12,20): error TS2339: Property 'SectionHeader' does not exist on type 'typeof import("C:/Users/Ken/Desktop/Projeto/PromptNinja/src/components/ui/Styled")'.
src/components/landing/MusicFeatures.tsx(19,21): error TS2339: Property 'SectionHeader' does not exist on type 'typeof import("C:/Users/Ken/Desktop/Projeto/PromptNinja/src/components/ui/Styled")'.
src/components/landing/MusicFeatures.tsx(63,29): error TS2322: Type 'Element' is not assignable to type 'string'.
src/components/landing/MusicFeatures.tsx(84,13): error TS2339: Property 'FeaturesSection' does not exist on type 'typeof import("C:/Users/Ken/Desktop/Projeto/PromptNinja/src/components/ui/Styled")'.
src/hooks/physics/voiceScroll.ts(11,3): error TS6133: 'isFlipVertical' is declared but its value is never read.
